2026-02-25 23:18:53,122 - Using device: cuda | TF32 Enabled: True
2026-02-25 23:18:53,123 - Loading Unlabeled Pre-training Dataset...
2026-02-25 23:19:20,276 - Using device: cuda | TF32 Enabled: True
2026-02-25 23:19:20,276 - Loading Unlabeled Pre-training Dataset...
2026-02-25 23:19:20,285 - Initializing Discrete MVMAE...
2026-02-25 23:20:42,894 - Using device: cuda | TF32 Enabled: True
2026-02-25 23:20:42,895 - Loading Unlabeled Pre-training Dataset...
2026-02-25 23:20:42,900 - Initializing Discrete MVMAE...
2026-02-25 23:21:25,121 - Using device: cuda | TF32 Enabled: True
2026-02-25 23:21:25,121 - Loading Unlabeled Pre-training Dataset...
2026-02-25 23:21:25,123 - Initializing Discrete MVMAE...
2026-02-25 23:21:25,673 - Initializing Real Codebook Tokenizer...
2026-02-25 23:22:07,105 - Using device: cuda | TF32 Enabled: True
2026-02-25 23:22:07,105 - Loading Unlabeled Pre-training Dataset...
2026-02-25 23:22:07,107 - Initializing Discrete MVMAE...
2026-02-25 23:22:07,670 - Initializing Real Codebook Tokenizer...
2026-02-25 23:22:07,674 - =========================================
2026-02-25 23:22:07,674 -        STARTING MVMAE PRE-TRAINING       
2026-02-25 23:22:07,674 -        Masking Ratio: 90.0% 
2026-02-25 23:22:07,674 - =========================================
2026-02-25 23:24:09,357 - Using device: cuda | TF32 Enabled: True
2026-02-25 23:24:09,396 - Loading Unlabeled Pre-training Dataset...
2026-02-25 23:24:09,400 - Initializing Discrete MVMAE...
2026-02-25 23:24:09,934 - Initializing Real Codebook Tokenizer...
2026-02-25 23:24:09,938 - =========================================
2026-02-25 23:24:09,938 -        STARTING MVMAE PRE-TRAINING       
2026-02-25 23:24:09,938 -        Masking Ratio: 90.0% 
2026-02-25 23:24:09,938 - =========================================
2026-02-25 23:25:49,835 - Using device: cuda | TF32 Enabled: True
2026-02-25 23:25:49,835 - Loading Unlabeled Pre-training Dataset...
2026-02-25 23:25:49,838 - Initializing Discrete MVMAE...
2026-02-25 23:25:50,349 - Initializing Real Codebook Tokenizer...
2026-02-25 23:25:50,353 - =========================================
2026-02-25 23:25:50,354 -        STARTING MVMAE PRE-TRAINING       
2026-02-25 23:25:50,354 -        Masking Ratio: 90.0% 
2026-02-25 23:25:50,354 - =========================================
2026-02-25 17:49:38,937 - Using device: cuda | TF32 Enabled: True
2026-02-25 17:49:38,937 - Loading Unlabeled Pre-training Dataset...
2026-02-25 17:49:39,005 - Initializing Discrete MVMAE...
2026-02-25 17:49:40,501 - Initializing Real Codebook Tokenizer...
2026-02-25 17:49:40,655 - =========================================
2026-02-25 17:49:40,655 -        STARTING MVMAE PRE-TRAINING       
2026-02-25 17:49:40,655 -        Masking Ratio: 90.0% 
2026-02-25 17:49:40,655 - =========================================
2026-02-25 17:53:31,814 - Using device: cuda | TF32 Enabled: True
2026-02-25 17:53:31,814 - Loading Unlabeled Pre-training Dataset...
2026-02-25 17:53:31,880 - Initializing Discrete MVMAE...
2026-02-25 17:53:32,284 - Initializing Real Codebook Tokenizer...
2026-02-25 17:53:32,289 - =========================================
2026-02-25 17:53:32,289 -        STARTING MVMAE PRE-TRAINING       
2026-02-25 17:53:32,289 -        Masking Ratio: 90.0% 
2026-02-25 17:53:32,290 - =========================================
2026-02-25 18:00:06,000 - Using device: cuda | TF32 Enabled: True
2026-02-25 18:00:06,000 - Loading Unlabeled Pre-training Dataset...
2026-02-25 18:00:06,069 - Initializing Discrete MVMAE...
2026-02-25 18:00:06,471 - Initializing Real Codebook Tokenizer...
2026-02-25 18:00:06,477 - =========================================
2026-02-25 18:00:06,477 -        STARTING MVMAE PRE-TRAINING       
2026-02-25 18:00:06,477 -        Masking Ratio: 90.0% 
2026-02-25 18:00:06,477 - =========================================
2026-02-25 18:02:18,822 - Using device: cuda | TF32 Enabled: True
2026-02-25 18:02:18,823 - Loading Unlabeled Pre-training Dataset...
2026-02-25 18:02:18,889 - Initializing Discrete MVMAE...
2026-02-25 18:02:19,290 - Initializing Real Codebook Tokenizer...
2026-02-25 18:02:19,295 - =========================================
2026-02-25 18:02:19,295 -        STARTING MVMAE PRE-TRAINING       
2026-02-25 18:02:19,296 -        Masking Ratio: 90.0% 
2026-02-25 18:02:19,296 - =========================================
2026-02-25 18:05:26,413 - Using device: cuda | TF32 Enabled: True
2026-02-25 18:05:26,414 - Loading Unlabeled Pre-training Dataset...
2026-02-25 18:05:26,480 - Initializing Discrete MVMAE...
2026-02-25 18:05:26,883 - Initializing Real Codebook Tokenizer...
2026-02-25 18:05:26,888 - =========================================
2026-02-25 18:05:26,888 -        STARTING MVMAE PRE-TRAINING       
2026-02-25 18:05:26,888 -        Masking Ratio: 90.0% 
2026-02-25 18:05:26,888 - =========================================
2026-02-25 18:08:31,943 - Using device: cuda | TF32 Enabled: True
2026-02-25 18:08:31,943 - Loading Unlabeled Pre-training Dataset...
2026-02-25 18:08:32,010 - Initializing Discrete MVMAE...
2026-02-25 18:08:32,412 - Initializing Real Codebook Tokenizer...
2026-02-25 18:08:32,417 - =========================================
2026-02-25 18:08:32,417 -        STARTING MVMAE PRE-TRAINING       
2026-02-25 18:08:32,417 -        Masking Ratio: 90.0% 
2026-02-25 18:08:32,417 - =========================================
2026-02-25 18:17:19,948 - Using device: cuda | TF32 Enabled: True
2026-02-25 18:17:19,948 - Loading Unlabeled Pre-training Dataset...
2026-02-25 18:17:20,015 - Initializing Discrete MVMAE...
2026-02-25 18:17:20,601 - Initializing Real Codebook Tokenizer...
2026-02-25 18:17:20,606 - =========================================
2026-02-25 18:17:20,607 -        STARTING MVMAE PRE-TRAINING       
2026-02-25 18:17:20,607 -        Masking Ratio: 90.0% 
2026-02-25 18:17:20,607 - =========================================
2026-02-25 18:19:56,758 - Using device: cuda | TF32 Enabled: True
2026-02-25 18:19:56,758 - Loading Unlabeled Pre-training Dataset...
2026-02-25 18:19:56,825 - Initializing Discrete MVMAE...
2026-02-25 18:19:57,228 - Initializing Real Codebook Tokenizer...
2026-02-25 18:19:57,233 - =========================================
2026-02-25 18:19:57,233 -        STARTING MVMAE PRE-TRAINING       
2026-02-25 18:19:57,233 -        Masking Ratio: 90.0% 
2026-02-25 18:19:57,233 - =========================================
2026-02-25 18:22:22,320 - Using device: cuda | TF32 Enabled: True
2026-02-25 18:22:22,320 - Loading Unlabeled Pre-training Dataset...
2026-02-25 18:24:55,940 - Using device: cuda | TF32 Enabled: True
2026-02-25 18:24:55,940 - Loading Unlabeled Pre-training Dataset...
2026-02-25 18:24:56,012 - Initializing Discrete MVMAE...
2026-02-25 18:24:56,421 - Initializing Real Codebook Tokenizer...
2026-02-25 18:24:56,427 - =========================================
2026-02-25 18:24:56,427 -        STARTING MVMAE PRE-TRAINING       
2026-02-25 18:24:56,427 -        Masking Ratio: 90.0% 
2026-02-25 18:24:56,427 - =========================================
2026-02-25 18:27:24,571 - Using device: cuda | TF32 Enabled: True
2026-02-25 18:27:24,571 - Loading Unlabeled Pre-training Dataset...
2026-02-25 18:27:24,638 - Initializing Discrete MVMAE...
2026-02-25 18:27:25,035 - Initializing Real Codebook Tokenizer...
2026-02-25 18:27:25,041 - =========================================
2026-02-25 18:27:25,041 -        STARTING MVMAE PRE-TRAINING       
2026-02-25 18:27:25,041 -        Masking Ratio: 90.0% 
2026-02-25 18:27:25,041 - =========================================
2026-02-25 18:28:45,740 - Using device: cuda | TF32 Enabled: True
2026-02-25 18:28:45,741 - Loading Unlabeled Pre-training Dataset...
2026-02-25 18:28:45,808 - Initializing Discrete MVMAE...
2026-02-25 18:28:46,204 - Initializing Real Codebook Tokenizer...
2026-02-25 18:28:46,210 - =========================================
2026-02-25 18:28:46,210 -        STARTING MVMAE PRE-TRAINING       
2026-02-25 18:28:46,210 -        Masking Ratio: 90.0% 
2026-02-25 18:28:46,210 - =========================================
2026-02-25 18:30:53,605 - Using device: cuda | TF32 Enabled: True
2026-02-25 18:30:53,605 - Loading Unlabeled Pre-training Dataset...
2026-02-25 18:30:53,672 - Initializing Discrete MVMAE...
2026-02-25 18:30:54,069 - Initializing Real Codebook Tokenizer...
2026-02-25 18:30:54,075 - =========================================
2026-02-25 18:30:54,075 -        STARTING MVMAE PRE-TRAINING       
2026-02-25 18:30:54,075 -        Masking Ratio: 90.0% 
2026-02-25 18:30:54,075 - =========================================
2026-02-25 18:33:21,071 - Using device: cuda | TF32 Enabled: True
2026-02-25 18:33:21,071 - Loading Unlabeled Pre-training Dataset...
2026-02-25 18:33:21,139 - Initializing Discrete MVMAE...
2026-02-25 18:33:21,550 - Initializing Real Codebook Tokenizer...
2026-02-25 18:33:21,555 - =========================================
2026-02-25 18:33:21,555 -        STARTING MVMAE PRE-TRAINING       
2026-02-25 18:33:21,555 -        Masking Ratio: 90.0% 
2026-02-25 18:33:21,555 - =========================================
